
> edgerunner-client@1.0.0 dev
> vite --host 127.0.0.1


  [32m[1mVITE[22m v5.4.21[39m  [2mready in [0m[1m298[22m[2m[0m ms[22m

  [32m➜[39m  [1mLocal[22m:   [36mhttp://127.0.0.1:[1m5173[22m/[39m
[2m[32m  ➜[39m[22m[2m  press [22m[1mh + enter[22m[2m to show help[22m
[2m10:54:34 pm[22m [36m[1m[vite][22m[39m [32mpage reload [39m[2msrc/game/World.js[22m
[2m11:28:11 pm[22m [36m[1m[vite][22m[39m [32mpage reload [39m[2msrc/game/World.js[22m
[2m11:32:40 pm[22m [36m[1m[vite][22m[39m [32mpage reload [39m[2msrc/game/World.js[22m
[2m11:37:37 pm[22m [36m[1m[vite][22m[39m [32mpage reload [39m[2msrc/game/CameraRig.js[22m
[2m11:37:38 pm[22m [36m[1m[vite][22m[39m [32mpage reload [39m[2msrc/game/PostFX.js[22m
[2m11:37:39 pm[22m [36m[1m[vite][22m[39m [32mpage reload [39m[2msrc/game/World.js[22m
[2m11:47:00 pm[22m [36m[1m[vite][22m[39m [32mpage reload [39m[2msrc/game/World.js[22m
[2m11:47:46 pm[22m [36m[1m[vite][22m[39m [32mpage reload [39m[2msrc/game/World.js[22m
[2m11:48:18 pm[22m [36m[1m[vite][22m[39m [32mpage reload [39m[2msrc/game/World.js[22m
[2m11:49:28 pm[22m [36m[1m[vite][22m[39m [32mpage reload [39m[2msrc/game/World.js[22m
[2m11:49:46 pm[22m [36m[1m[vite][22m[39m [32mpage reload [39m[2msrc/game/Game.js[22m
[2m11:58:27 pm[22m [36m[1m[vite][22m[39m [32mpage reload [39m[2msrc/main.js[22m
[2m11:58:28 pm[22m [36m[1m[vite][22m[39m [32mpage reload [39m[2msrc/game/PostFX.js[22m
[2m11:58:28 pm[22m [36m[1m[vite][22m[39m [32mpage reload [39m[2msrc/game/Game.js[22m
[2m11:59:15 pm[22m [36m[1m[vite][22m[39m [32mpage reload [39m[2msrc/game/World.js[22m
